// Jest Snapshot v1, https://goo.gl/fbAQLP

exports['<Presentation /> matches snapshot 1'] = `
<View
  style={
    Object {
      "alignItems": "center",
      "flex": 1,
      "justifyContent": "center",
    }
  }
>
  <Text>
    Presentation page
  </Text>
</View>
`;
